<html>
<body>
<pre>
<h1>µVision Build Log</h1>
<h2>Tool Versions:</h2>
IDE-Version: ¶ÃVision V5.24.2.0
Copyright (C) 2017 ARM Ltd and ARM Germany GmbH. All rights reserved.
License Information: 1 T, 1, LIC=CZLZX-HKAE1-Y8FFK-ZD86F-UNX0J-HTA6W
 
Tool Versions:
Toolchain:       MDK-ARM Plus  Version: 5.24.1
Toolchain Path:  D:\Keil5\ARM\ARMCC\Bin
C Compiler:      Armcc.exe V5.06 update 5 (build 528)
Assembler:       Armasm.exe V5.06 update 5 (build 528)
Linker/Locator:  ArmLink.exe V5.06 update 5 (build 528)
Library Manager: ArmAr.exe V5.06 update 5 (build 528)
Hex Converter:   FromElf.exe V5.06 update 5 (build 528)
CPU DLL:         SARMCM3.DLL V5.24.1
Dialog DLL:      DCM.DLL V1.16.0.0
Target DLL:      CMSIS_AGDI.dll V1.28.3.0
Dialog DLL:      TCM.DLL V1.32.0.0
 
<h2>Project:</h2>
D:\—ßœ∞\STM32MCUdata\STM32Project\15-2∂¡»°–æ∆¨ID\project.uvprojx
Project File Date:  08/04/2024

<h2>Output:</h2>
*** Using Compiler 'V5.06 update 5 (build 528)', folder: 'D:\Keil5\ARM\ARMCC\Bin'
Build target 'Target 1'
compiling main.c...
.\hardware\LED.h(3): warning:  #1295-D: Deprecated declaration LED_Init - give arg types
  void LED_Init();
.\hardware\LED.h(4): warning:  #1295-D: Deprecated declaration LED2_OFF - give arg types
  void LED2_OFF();
.\hardware\LED.h(5): warning:  #1295-D: Deprecated declaration LED1_ON - give arg types
  void LED1_ON();
.\hardware\LED.h(6): warning:  #1295-D: Deprecated declaration LED1_Turn - give arg types
  void LED1_Turn();
.\hardware\LED.h(7): warning:  #1295-D: Deprecated declaration LED1_OFF - give arg types
  void LED1_OFF();
.\hardware\LED.h(8): warning:  #1295-D: Deprecated declaration LED2_ON - give arg types
  void LED2_ON();
.\hardware\LED.h(9): warning:  #1295-D: Deprecated declaration LED2_Turn - give arg types
  void LED2_Turn();
.\hardware\key.h(3): warning:  #1295-D: Deprecated declaration Key_Init - give arg types
  void Key_Init();
.\hardware\key.h(4): warning:  #1295-D: Deprecated declaration Key_GetNum - give arg types
  uint8_t Key_GetNum();
.\hardware\key.h(5): warning:  #1-D: last line of file ends without a newline
  #endif
user\main.c: 10 warnings, 0 errors
linking...
Program Size: Code=1952 RO-data=1772 RW-data=0 ZI-data=1632  
".\Objects\project.axf" - 0 Error(s), 10 Warning(s).

<h2>Software Packages used:</h2>

Package Vendor: Keil
                http://www.keil.com/pack/Keil.STM32F1xx_DFP.2.2.0.pack
                Keil.STM32F1xx_DFP.2.2.0
                STMicroelectronics STM32F1 Series Device Support, Drivers and Examples

<h2>Collection of Component include folders:</h2>
  .\RTE\_Target_1
  D:\Keil5\ARM\PACK\Keil\STM32F1xx_DFP\2.2.0\Device\Include

<h2>Collection of Component Files used:</h2>
Build Time Elapsed:  00:00:01
</pre>
</body>
</html>
